--- Running classifier on 2 images/sequences...
--- Running classifier on 2-channel image
--- Running classifier on 2-channel image
