<Factor>
  <Vars>
    1 0
  </Vars>
  <Cards>
    2 3
  </Cards>
  <Data>
    0.5
    0.8
    0.1
    0
    0.3
    0.9
  </Data>
</Factor>
<Factor>
  <Vars>
    2 1
  </Vars>
  <Cards>
    2 2
  </Cards>
  <Data>
    0.5
    0.7
    0.1
    0.2
  </Data>
</Factor>
<Factor>
  <Vars>
    1 0 2
  </Vars>
  <Cards>
    2 3 2
  </Cards>
  <Data>
    0.25
    0.08
    0.05
    0
    0.15
    0.09
    0.35
    0.16
    0.07
    0
    0.21
    0.18
  </Data>
</Factor>
<Factor>
  <Vars>
    0 2
  </Vars>
  <Cards>
    3 2
  </Cards>
  <Data>
    0.33
    0.05
    0.24
    0.51
    0.07
    0.39
  </Data>
</Factor>
Reading CRF model...
...done
Reading CRF instance...
...done
<crfModel version="1"
          numWeights="6"
          numTemplates="3"
>
  <Weights>
    0 -0.6931 -0.1054 -2.3026 -1.6094 -0.2231
  </Weights>
  <FactorTemplate>
    <Cards>
      2
    </Cards>
    <!-- variable assignment: ( 0 ) -->
    <Entry>
      0 -1
    </Entry>
    <!-- variable assignment: ( 1 ) -->
    <Entry>
      1 -1
    </Entry>
  </FactorTemplate>
  <FactorTemplate>
    <Cards>
      2 2
    </Cards>
    <!-- variable assignment: ( 0 0 ) -->
    <Entry>
      2 -1
    </Entry>
    <!-- variable assignment: ( 1 0 ) -->
    <Entry>
      3 -1
    </Entry>
    <!-- variable assignment: ( 0 1 ) -->
    <Entry>
      3 -1
    </Entry>
    <!-- variable assignment: ( 1 1 ) -->
    <Entry>
      2 -1
    </Entry>
  </FactorTemplate>
  <FactorTemplate>
    <Cards>
      2 2
    </Cards>
    <!-- variable assignment: ( 0 0 ) -->
    <Entry>
      4 -1
    </Entry>
    <!-- variable assignment: ( 1 0 ) -->
    <Entry>
      5 -1
    </Entry>
    <!-- variable assignment: ( 0 1 ) -->
    <Entry>
      5 -1
    </Entry>
    <!-- variable assignment: ( 1 1 ) -->
    <Entry>
      4 -1
    </Entry>
  </FactorTemplate>
</crfModel>
<crfInstance version="1"
             numVars="4"
             numCliques="8"
>
  <Cards>
    2 2 2 2
  </Cards>
  <targetAssignments>
    -1 -1 -1 -1
  </targetAssignments>
  <Clique templateIndex="0">
    <Vars>
      0
    </Vars>
  </Clique>
  <Clique templateIndex="0">
    <Vars>
      1
    </Vars>
  </Clique>
  <Clique templateIndex="0">
    <Vars>
      2
    </Vars>
  </Clique>
  <Clique templateIndex="0">
    <Vars>
      3
    </Vars>
  </Clique>
  <Clique templateIndex="1">
    <Vars>
      0 1
    </Vars>
  </Clique>
  <Clique templateIndex="1">
    <Vars>
      1 2
    </Vars>
  </Clique>
  <Clique templateIndex="1">
    <Vars>
      2 3
    </Vars>
  </Clique>
  <Clique templateIndex="2">
    <Vars>
      3 0
    </Vars>
  </Clique>
</crfInstance>
<ClusterGraph vars="4" nodes="12" edges="12" version="1">
  <VarCards>
    2 2 2 2
  </VarCards>
  <Clique index="0" size="1">
    0
  </Clique>
  <Clique index="1" size="1">
    1
  </Clique>
  <Clique index="2" size="1">
    2
  </Clique>
  <Clique index="3" size="1">
    3
  </Clique>
  <Clique index="4" size="1">
    0
  </Clique>
  <Clique index="5" size="1">
    1
  </Clique>
  <Clique index="6" size="1">
    2
  </Clique>
  <Clique index="7" size="1">
    3
  </Clique>
  <Clique index="8" size="2">
    0 1
  </Clique>
  <Clique index="9" size="2">
    1 2
  </Clique>
  <Clique index="10" size="2">
    2 3
  </Clique>
  <Clique index="11" size="2">
    0 3
  </Clique>

  <Edges>
    0 4
    0 8
    0 11
    1 5
    1 8
    1 9
    2 6
    2 9
    2 10
    3 7
    3 10
    3 11
  </Edges>

  <Potentials>
    <Factor>
    </Factor>
    <Factor>
    </Factor>
    <Factor>
    </Factor>
    <Factor>
    </Factor>
    <Factor>
      <Vars>
        0
      </Vars>
      <Cards>
        2
      </Cards>
      <Data>
        1
        0.500024
      </Data>
    </Factor>
    <Factor>
      <Vars>
        1
      </Vars>
      <Cards>
        2
      </Cards>
      <Data>
        1
        0.500024
      </Data>
    </Factor>
    <Factor>
      <Vars>
        2
      </Vars>
      <Cards>
        2
      </Cards>
      <Data>
        1
        0.500024
      </Data>
    </Factor>
    <Factor>
      <Vars>
        3
      </Vars>
      <Cards>
        2
      </Cards>
      <Data>
        1
        0.500024
      </Data>
    </Factor>
    <Factor>
      <Vars>
        0 1
      </Vars>
      <Cards>
        2 2
      </Cards>
      <Data>
        1
        0.111114
        0.111114
        1
      </Data>
    </Factor>
    <Factor>
      <Vars>
        1 2
      </Vars>
      <Cards>
        2 2
      </Cards>
      <Data>
        1
        0.111114
        0.111114
        1
      </Data>
    </Factor>
    <Factor>
      <Vars>
        2 3
      </Vars>
      <Cards>
        2 2
      </Cards>
      <Data>
        1
        0.111114
        0.111114
        1
      </Data>
    </Factor>
    <Factor>
      <Vars>
        3 0
      </Vars>
      <Cards>
        2 2
      </Cards>
      <Data>
        0.249999
        1
        1
        0.249999
      </Data>
    </Factor>
  </Potentials>
</ClusterGraph>

--- Starting message passing loop...
--- ...4 variables; 12 cliques; 12 edges
--- ...iteration 1 (0 of 24 messages converged)
--- ...iteration 2 (8 of 24 messages converged)
--- ...iteration 3 (4 of 24 messages converged)
--- ...iteration 4 (4 of 24 messages converged)
--- ...iteration 5 (4 of 24 messages converged)
--- ...iteration 6 (4 of 24 messages converged)
--- ...iteration 7 (4 of 24 messages converged)
--- ...iteration 8 (4 of 24 messages converged)
--- ...iteration 9 (4 of 24 messages converged)
--- ...iteration 10 (4 of 24 messages converged)
--- ...iteration 11 (4 of 24 messages converged)
--- ...iteration 12 (4 of 24 messages converged)
--- ...iteration 13 (4 of 24 messages converged)
--- ...iteration 14 (4 of 24 messages converged)
--- ...iteration 15 (4 of 24 messages converged)
--- ...iteration 16 (4 of 24 messages converged)
--- ...iteration 17 (4 of 24 messages converged)
--- ...iteration 18 (4 of 24 messages converged)
--- ...iteration 19 (4 of 24 messages converged)
--- ...iteration 20 (4 of 24 messages converged)
--- ...iteration 21 (4 of 24 messages converged)
--- ...iteration 22 (4 of 24 messages converged)
--- ...iteration 23 (4 of 24 messages converged)
--- ...iteration 24 (4 of 24 messages converged)
--- ...iteration 25 (4 of 24 messages converged)
--- ...iteration 26 (4 of 24 messages converged)
--- ...iteration 27 (4 of 24 messages converged)
--- ...iteration 28 (4 of 24 messages converged)
--- ...iteration 29 (4 of 24 messages converged)
--- ...iteration 30 (4 of 24 messages converged)
--- ...iteration 31 (4 of 24 messages converged)
--- ...iteration 32 (4 of 24 messages converged)
--- ...iteration 33 (4 of 24 messages converged)
--- ...iteration 34 (4 of 24 messages converged)
--- ...iteration 35 (4 of 24 messages converged)
--- ...iteration 36 (4 of 24 messages converged)
--- ...iteration 37 (4 of 24 messages converged)
--- ...iteration 38 (4 of 24 messages converged)
--- ...iteration 39 (4 of 24 messages converged)
--- ...iteration 40 (4 of 24 messages converged)
--- ...iteration 41 (4 of 24 messages converged)
--- ...iteration 42 (4 of 24 messages converged)
--- ...iteration 43 (4 of 24 messages converged)
--- ...iteration 44 (6 of 24 messages converged)
--- ...iteration 45 (16 of 24 messages converged)
--- ...iteration 46 (20 of 24 messages converged)
--- ...iteration 47 (22 of 24 messages converged)
--- ...iteration 48 (24 of 24 messages converged)
--- ...converged in 48 iterations
Y_0 : 0.67777 0.32223
Y_1 : 0.738624 0.261376
Y_2 : 0.738624 0.261376
Y_3 : 0.67777 0.32223
