
  8 - 3  1 - 5  - - 6
  - - -  - 9 3  1 - -
  9 - 2  - 6 -  - - -

  - - -  - - 4  3 5 2
  - 2 6  - 8 -  7 4 -
  1 5 4  7 - -  - - -

  - - -  - 5 -  8 - 4
  - - 8  3 2 -  - - -
  2 - -  4 - 8  5 - 3

--- Starting message passing loop...
--- ...81 variables; 2330 cliques; 4436 edges
--- ...iteration 1 (0 of 8872 messages converged)
--- ...iteration 2 (864 of 8872 messages converged)
--- ...iteration 3 (118 of 8872 messages converged)
--- ...iteration 4 (116 of 8872 messages converged)
--- ...iteration 5 (116 of 8872 messages converged)
--- ...iteration 6 (116 of 8872 messages converged)
--- ...iteration 7 (129 of 8872 messages converged)
--- ...iteration 8 (309 of 8872 messages converged)
--- ...iteration 9 (532 of 8872 messages converged)
--- ...iteration 10 (945 of 8872 messages converged)
--- ...iteration 11 (1607 of 8872 messages converged)
--- ...iteration 12 (2243 of 8872 messages converged)
--- ...iteration 13 (2874 of 8872 messages converged)
--- ...iteration 14 (3508 of 8872 messages converged)
--- ...iteration 15 (4104 of 8872 messages converged)
--- ...iteration 16 (4767 of 8872 messages converged)
--- ...iteration 17 (6046 of 8872 messages converged)
--- ...iteration 18 (7077 of 8872 messages converged)
--- ...iteration 19 (8009 of 8872 messages converged)
--- ...iteration 20 (8526 of 8872 messages converged)
--- ...iteration 21 (8786 of 8872 messages converged)
--- ...iteration 22 (8863 of 8872 messages converged)
--- ...iteration 23 (8871 of 8872 messages converged)
--- ...iteration 24 (8872 of 8872 messages converged)
--- ...converged in 24 iterations

  8 7 3  1 4 5  2 9 6
  4 6 5  2 9 3  1 7 8
  9 1 2  8 6 7  4 3 5

  7 8 9  6 1 4  3 5 2
  3 2 6  5 8 9  7 4 1
  1 5 4  7 3 2  6 8 9

  6 3 7  9 5 1  8 2 4
  5 4 8  3 2 6  9 1 7
  2 9 1  4 7 8  5 6 3

