image00000.jpg
image00001.jpg
image00002.jpg
image00003.jpg
image00004.jpg
image00005.jpg
image00006.jpg
image00007.jpg
image00008.jpg
image00009.jpg
image00010.jpg
image00011.jpg
image00012.jpg
image00013.jpg
image00014.jpg
image00015.jpg
image00016.jpg
image00017.jpg
image00018.jpg
image00019.jpg
image00020.jpg
image00021.jpg
image00022.jpg
image00023.jpg
image00024.jpg
image00025.jpg
image00026.jpg
image00027.jpg
image00028.jpg
image00029.jpg
image00030.jpg
image00031.jpg
image00032.jpg
image00033.jpg
image00034.jpg
image00035.jpg
image00036.jpg
image00037.jpg
image00038.jpg
image00039.jpg
image00040.jpg
image00041.jpg
image00042.jpg
image00043.jpg
image00044.jpg
image00045.jpg
image00046.jpg
image00047.jpg
image00048.jpg
image00049.jpg
image00050.jpg
image00051.jpg
image00052.jpg
image00053.jpg
image00054.jpg
image00055.jpg
image00056.jpg
image00057.jpg
image00058.jpg
image00059.jpg
image00060.jpg
image00061.jpg
image00062.jpg
image00063.jpg
image00064.jpg
image00065.jpg
image00066.jpg
image00067.jpg
image00068.jpg
image00069.jpg
image00070.jpg
image00071.jpg
image00072.jpg
image00073.jpg
image00074.jpg
image00075.jpg
image00076.jpg
image00077.jpg
image00078.jpg
image00079.jpg
image00080.jpg
image00081.jpg
image00082.jpg
image00083.jpg
image00084.jpg
image00085.jpg
image00086.jpg
image00087.jpg
image00088.jpg
image00089.jpg
image00090.jpg
image00091.jpg
image00092.jpg
image00093.jpg
image00094.jpg
image00095.jpg
image00096.jpg
image00097.jpg
image00098.jpg
image00099.jpg
image00100.jpg
image00101.jpg
image00102.jpg
image00103.jpg
image00104.jpg
image00105.jpg
image00106.jpg
image00107.jpg
image00108.jpg
image00109.jpg
image00110.jpg
image00111.jpg
image00112.jpg
image00113.jpg
image00114.jpg
image00115.jpg
image00116.jpg
image00117.jpg
image00118.jpg
image00119.jpg
image00120.jpg
image00121.jpg
image00122.jpg
image00123.jpg
image00124.jpg
image00125.jpg
image00126.jpg
image00127.jpg
image00128.jpg
image00129.jpg
image00130.jpg
image00131.jpg
image00132.jpg
image00133.jpg
image00134.jpg
image00135.jpg
image00136.jpg
image00137.jpg
image00138.jpg
image00139.jpg
image00140.jpg
image00141.jpg
image00142.jpg
image00143.jpg
image00144.jpg
image00145.jpg
image00146.jpg
image00147.jpg
image00148.jpg
image00149.jpg
image00150.jpg
image00151.jpg
image00152.jpg
image00153.jpg
image00154.jpg
image00155.jpg
image00156.jpg
image00157.jpg
image00158.jpg
image00159.jpg
image00160.jpg
image00161.jpg
image00162.jpg
image00163.jpg
image00164.jpg
image00165.jpg
image00166.jpg
image00167.jpg
image00168.jpg
image00169.jpg
image00170.jpg
image00171.jpg
image00172.jpg
image00173.jpg
image00174.jpg
image00175.jpg
image00176.jpg
image00177.jpg
image00178.jpg
image00179.jpg
image00180.jpg
image00181.jpg
image00182.jpg
image00183.jpg
image00184.jpg
image00185.jpg
image00186.jpg
image00187.jpg
image00188.jpg
image00189.jpg
image00190.jpg
image00191.jpg
image00192.jpg
image00193.jpg
image00194.jpg
image00195.jpg
image00196.jpg
image00197.jpg
image00198.jpg
image00199.jpg
image00200.jpg
image00201.jpg
image00202.jpg
image00203.jpg
image00204.jpg
image00205.jpg
image00206.jpg
image00207.jpg
image00208.jpg
image00209.jpg
image00210.jpg
image00211.jpg
image00212.jpg
image00213.jpg
image00214.jpg
image00215.jpg
image00216.jpg
image00217.jpg
image00218.jpg
image00219.jpg
image00220.jpg
image00221.jpg
image00222.jpg
image00223.jpg
image00224.jpg
image00225.jpg
image00226.jpg
image00227.jpg
image00228.jpg
image00229.jpg
image00230.jpg
image00231.jpg
image00232.jpg
image00233.jpg
image00234.jpg
image00235.jpg
image00236.jpg
image00237.jpg
image00238.jpg
image00239.jpg
image00240.jpg
image00241.jpg
image00242.jpg
image00243.jpg
image00244.jpg
image00245.jpg
image00246.jpg
image00247.jpg
image00248.jpg
image00249.jpg
image00250.jpg
image00251.jpg
image00252.jpg
image00253.jpg
image00254.jpg
image00255.jpg
image00256.jpg
image00257.jpg
image00258.jpg
image00259.jpg
image00260.jpg
image00261.jpg
image00262.jpg
image00263.jpg
image00264.jpg
image00265.jpg
image00266.jpg
image00267.jpg
image00268.jpg
image00269.jpg
image00270.jpg
image00271.jpg
image00272.jpg
image00273.jpg
image00274.jpg
image00275.jpg
image00276.jpg
image00277.jpg
image00278.jpg
image00279.jpg
image00280.jpg
image00281.jpg
image00282.jpg
image00283.jpg
image00284.jpg
image00285.jpg
image00286.jpg
image00287.jpg
image00288.jpg
image00289.jpg
image00290.jpg
image00291.jpg
image00292.jpg
image00293.jpg
image00294.jpg
image00295.jpg
image00296.jpg
image00297.jpg
image00298.jpg
image00299.jpg
image00300.jpg
image00301.jpg
image00302.jpg
image00303.jpg
image00304.jpg
image00305.jpg
image00306.jpg
image00307.jpg
image00308.jpg
image00309.jpg
image00310.jpg
image00311.jpg
image00312.jpg
image00313.jpg
image00314.jpg
image00315.jpg
image00316.jpg
image00317.jpg
image00318.jpg
image00319.jpg
image00320.jpg
image00321.jpg
image00322.jpg
image00323.jpg
image00324.jpg
image00325.jpg
image00326.jpg
image00327.jpg
image00328.jpg
image00329.jpg
image00330.jpg
image00331.jpg
image00332.jpg
image00333.jpg
image00334.jpg
image00335.jpg
image00336.jpg
image00337.jpg
image00338.jpg
image00339.jpg
image00340.jpg
image00341.jpg
image00342.jpg
image00343.jpg
image00344.jpg
image00345.jpg
image00346.jpg
image00347.jpg
image00348.jpg
image00349.jpg
image00350.jpg
image00351.jpg
image00352.jpg
image00353.jpg
image00354.jpg
image00355.jpg
image00356.jpg
image00357.jpg
image00358.jpg
image00359.jpg
image00360.jpg
image00361.jpg
image00362.jpg
image00363.jpg
image00364.jpg
image00365.jpg
image00366.jpg
image00367.jpg
image00368.jpg
image00369.jpg
image00370.jpg
image00371.jpg
image00372.jpg
image00373.jpg
image00374.jpg
image00375.jpg
image00376.jpg
image00377.jpg
image00378.jpg
image00379.jpg
image00380.jpg
image00381.jpg
image00382.jpg
image00383.jpg
image00384.jpg
image00385.jpg
image00386.jpg
image00387.jpg
image00388.jpg
image00389.jpg
image00390.jpg
image00391.jpg
image00392.jpg
image00393.jpg
image00394.jpg
image00395.jpg
image00396.jpg
image00397.jpg
image00398.jpg
image00399.jpg
image00400.jpg
image00401.jpg
image00402.jpg
image00403.jpg
image00404.jpg
image00405.jpg
image00406.jpg
image00407.jpg
image00408.jpg
image00409.jpg
image00410.jpg
image00411.jpg
image00412.jpg
image00413.jpg
image00414.jpg
image00415.jpg
image00416.jpg
image00417.jpg
image00418.jpg
image00419.jpg
image00420.jpg
image00421.jpg
image00422.jpg
image00423.jpg
image00424.jpg
image00425.jpg
image00426.jpg
image00427.jpg
image00428.jpg
image00429.jpg
image00430.jpg
image00431.jpg
image00432.jpg
image00433.jpg
image00434.jpg
image00435.jpg
image00436.jpg
image00437.jpg
image00438.jpg
image00439.jpg
image00440.jpg
image00441.jpg
image00442.jpg
image00443.jpg
image00444.jpg
image00445.jpg
image00446.jpg
image00447.jpg
image00448.jpg
image00449.jpg
image00450.jpg
image00451.jpg
image00452.jpg
image00453.jpg
image00454.jpg
image00455.jpg
image00456.jpg
image00457.jpg
image00458.jpg
image00459.jpg
image00460.jpg
image00461.jpg
image00462.jpg
image00463.jpg
image00464.jpg
image00465.jpg
image00466.jpg
image00467.jpg
image00468.jpg
image00469.jpg
image00470.jpg
image00471.jpg
image00472.jpg
image00473.jpg
image00474.jpg
image00475.jpg
image00476.jpg
image00477.jpg
image00478.jpg
image00479.jpg
image00480.jpg
image00481.jpg
image00482.jpg
image00483.jpg
image00484.jpg
image00485.jpg
image00486.jpg
image00487.jpg
image00488.jpg
image00489.jpg
image00490.jpg
image00491.jpg
image00492.jpg
image00493.jpg
image00494.jpg
image00495.jpg
image00496.jpg
image00497.jpg
image00498.jpg
image00499.jpg
image00500.jpg
image00501.jpg
image00502.jpg
image00503.jpg
image00504.jpg
image00505.jpg
image00506.jpg
image00507.jpg
image00508.jpg
image00509.jpg
image00510.jpg
image00511.jpg
image00512.jpg
image00513.jpg
image00514.jpg
image00515.jpg
image00516.jpg
image00517.jpg
image00518.jpg
image00519.jpg
image00520.jpg
image00521.jpg
image00522.jpg
image00523.jpg
image00524.jpg
image00525.jpg
image00526.jpg
image00527.jpg
image00528.jpg
image00529.jpg
image00530.jpg
image00531.jpg
image00532.jpg
image00533.jpg
image00534.jpg
image00535.jpg
image00536.jpg
image00537.jpg
image00538.jpg
image00539.jpg
image00540.jpg
image00541.jpg
image00542.jpg
image00543.jpg
image00544.jpg
image00545.jpg
image00546.jpg
image00547.jpg
image00548.jpg
image00549.jpg
image00550.jpg
image00551.jpg
image00552.jpg
image00553.jpg
image00554.jpg
image00555.jpg
image00556.jpg
image00557.jpg
image00558.jpg
image00559.jpg
image00560.jpg
image00561.jpg
image00562.jpg
image00563.jpg
image00564.jpg
image00565.jpg
image00566.jpg
image00567.jpg
image00568.jpg
image00569.jpg
image00570.jpg
image00571.jpg
image00572.jpg
image00573.jpg
image00574.jpg
image00575.jpg
image00576.jpg
image00577.jpg
image00578.jpg
image00579.jpg
image00580.jpg
image00581.jpg
image00582.jpg
image00583.jpg
image00584.jpg
image00585.jpg
image00586.jpg
image00587.jpg
image00588.jpg
image00589.jpg
image00590.jpg
image00591.jpg
image00592.jpg
image00593.jpg
image00594.jpg
image00595.jpg
image00596.jpg
image00597.jpg
image00598.jpg
image00599.jpg
image00600.jpg
image00601.jpg
image00602.jpg
image00603.jpg
image00604.jpg
image00605.jpg
image00606.jpg
image00607.jpg
image00608.jpg
image00609.jpg
image00610.jpg
image00611.jpg
image00612.jpg
image00613.jpg
image00614.jpg
image00615.jpg
image00616.jpg
image00617.jpg
image00618.jpg
image00619.jpg
image00620.jpg
image00621.jpg
image00622.jpg
image00623.jpg
image00624.jpg
image00625.jpg
image00626.jpg
image00627.jpg
image00628.jpg
image00629.jpg
image00630.jpg
image00631.jpg
image00632.jpg
image00633.jpg
image00634.jpg
image00635.jpg
image00636.jpg
image00637.jpg
image00638.jpg
image00639.jpg
image00640.jpg
image00641.jpg
image00642.jpg
image00643.jpg
image00644.jpg
image00645.jpg
image00646.jpg
image00647.jpg
image00648.jpg
image00649.jpg
image00650.jpg
image00651.jpg
image00652.jpg
image00653.jpg
image00654.jpg
image00655.jpg
image00656.jpg
image00657.jpg
image00658.jpg
image00659.jpg
image00660.jpg
image00661.jpg
image00662.jpg
image00663.jpg
image00664.jpg
image00665.jpg
image00666.jpg
image00667.jpg
image00668.jpg
image00669.jpg
image00670.jpg
image00671.jpg
image00672.jpg
image00673.jpg
image00674.jpg
image00675.jpg
image00676.jpg
image00677.jpg
image00678.jpg
image00679.jpg
image00680.jpg
image00681.jpg
image00682.jpg
image00683.jpg
image00684.jpg
image00685.jpg
image00686.jpg
image00687.jpg
image00688.jpg
image00689.jpg
image00690.jpg
image00691.jpg
image00692.jpg
image00693.jpg
image00694.jpg
image00695.jpg
image00696.jpg
image00697.jpg
image00698.jpg
image00699.jpg
image00700.jpg
image00701.jpg
image00702.jpg
image00703.jpg
image00704.jpg
image00705.jpg
image00706.jpg
image00707.jpg
image00708.jpg
image00709.jpg
image00710.jpg
image00711.jpg
image00712.jpg
image00713.jpg
image00714.jpg
image00715.jpg
image00716.jpg
image00717.jpg
image00718.jpg
image00719.jpg
image00720.jpg
image00721.jpg
image00722.jpg
image00723.jpg
image00724.jpg
image00725.jpg
image00726.jpg
image00727.jpg
image00728.jpg
image00729.jpg
image00730.jpg
image00731.jpg
image00732.jpg
image00733.jpg
image00734.jpg
image00735.jpg
image00736.jpg
image00737.jpg
image00738.jpg
image00739.jpg
image00740.jpg
image00741.jpg
image00742.jpg
image00743.jpg
image00744.jpg
image00745.jpg
image00746.jpg
image00747.jpg
image00748.jpg
image00749.jpg
image00750.jpg
image00751.jpg
image00752.jpg
image00753.jpg
image00754.jpg
image00755.jpg
image00756.jpg
image00757.jpg
image00758.jpg
image00759.jpg
image00760.jpg
image00761.jpg
image00762.jpg
image00763.jpg
image00764.jpg
image00765.jpg
image00766.jpg
image00767.jpg
image00768.jpg
image00769.jpg
image00770.jpg
image00771.jpg
image00772.jpg
image00773.jpg
image00774.jpg
image00775.jpg
image00776.jpg
image00777.jpg
image00778.jpg
image00779.jpg
image00780.jpg
image00781.jpg
image00782.jpg
image00783.jpg
image00784.jpg
image00785.jpg
image00786.jpg
image00787.jpg
image00788.jpg
image00789.jpg
image00790.jpg
image00791.jpg
image00792.jpg
image00793.jpg
image00794.jpg
image00795.jpg
image00796.jpg
image00797.jpg
image00798.jpg
image00799.jpg
image00800.jpg
image00801.jpg
image00802.jpg
image00803.jpg
image00804.jpg
image00805.jpg
image00806.jpg
image00807.jpg
image00808.jpg
image00809.jpg
image00810.jpg
image00811.jpg
image00812.jpg
image00813.jpg
image00814.jpg
image00815.jpg
image00816.jpg
image00817.jpg
image00818.jpg
image00819.jpg
image00820.jpg
image00821.jpg
image00822.jpg
image00823.jpg
image00824.jpg
image00825.jpg
image00826.jpg
image00827.jpg
image00828.jpg
image00829.jpg
image00830.jpg
image00831.jpg
image00832.jpg
image00833.jpg
image00834.jpg
image00835.jpg
image00836.jpg
image00837.jpg
image00838.jpg
image00839.jpg
image00840.jpg
image00841.jpg
image00842.jpg
image00843.jpg
image00844.jpg
image00845.jpg
image00846.jpg
image00847.jpg
image00848.jpg
image00849.jpg
image00850.jpg
image00851.jpg
image00852.jpg
image00853.jpg
image00854.jpg
image00855.jpg
image00856.jpg
image00857.jpg
image00858.jpg
image00859.jpg
image00860.jpg
image00861.jpg
image00862.jpg
image00863.jpg
image00864.jpg
image00865.jpg
image00866.jpg
image00867.jpg
image00868.jpg
image00869.jpg
image00870.jpg
image00871.jpg
image00872.jpg
image00873.jpg
image00874.jpg
image00875.jpg
image00876.jpg
image00877.jpg
image00878.jpg
image00879.jpg
image00880.jpg
image00881.jpg
image00882.jpg
image00883.jpg
image00884.jpg
image00885.jpg
image00886.jpg
image00887.jpg
image00888.jpg
image00889.jpg
image00890.jpg
image00891.jpg
image00892.jpg
image00893.jpg
image00894.jpg
image00895.jpg
image00896.jpg
image00897.jpg
image00898.jpg
image00899.jpg
image00900.jpg
image00901.jpg
image00902.jpg
image00903.jpg
image00904.jpg
image00905.jpg
image00906.jpg
image00907.jpg
image00908.jpg
image00909.jpg
image00910.jpg
image00911.jpg
image00912.jpg
image00913.jpg
image00914.jpg
image00915.jpg
image00916.jpg
image00917.jpg
image00918.jpg
image00919.jpg
image00920.jpg
image00921.jpg
image00922.jpg
image00923.jpg
image00924.jpg
image00925.jpg
image00926.jpg
image00927.jpg
image00928.jpg
image00929.jpg
image00930.jpg
image00931.jpg
image00932.jpg
image00933.jpg
image00934.jpg
image00935.jpg
image00936.jpg
image00937.jpg
image00938.jpg
image00939.jpg
image00940.jpg
image00941.jpg
image00942.jpg
image00943.jpg
image00944.jpg
image00945.jpg
image00946.jpg
image00947.jpg
image00948.jpg
image00949.jpg
image00950.jpg
image00951.jpg
image00952.jpg
image00953.jpg
image00954.jpg
image00955.jpg
image00956.jpg
image00957.jpg
image00958.jpg
image00959.jpg
image00960.jpg
image00961.jpg
image00962.jpg
image00963.jpg
image00964.jpg
image00965.jpg
image00966.jpg
image00967.jpg
image00968.jpg
image00969.jpg
image00970.jpg
image00971.jpg
image00972.jpg
image00973.jpg
image00974.jpg
image00975.jpg
image00976.jpg
image00977.jpg
image00978.jpg
image00979.jpg
image00980.jpg
image00981.jpg
image00982.jpg
image00983.jpg
image00984.jpg
image00985.jpg
image00986.jpg
image00987.jpg
image00988.jpg
image00989.jpg
image00990.jpg
image00991.jpg
image00992.jpg
image00993.jpg
image00994.jpg
image00995.jpg
image00996.jpg
image00997.jpg
image00998.jpg
image00999.jpg
