  CALLS	  TIME    	FUNCTION
1000000	  0:00:00.650	successor
