--- Reading image sequence from input/imageSequence001.xml...
--- ...2 images read
--- Reading object labels from input/imageLabels001.xml...
--- ...2 labeled frames read
--- Processing image image001.jpg...
--- Processing image image002.jpg...
--- Generated dataset with:
--- 11 instances of mug
--- 1000 negative examples
