--- Adding mug00000 to image database...
--- Adding mug00001 to image database...
--- Adding mug00002 to image database...
--- Adding mug00003 to image database...
--- Adding mug00004 to image database...
--- Adding mug00005 to image database...
--- Adding mug00006 to image database...
--- Adding mug00007 to image database...
--- Adding mug00008 to image database...
--- Adding mug00009 to image database...
--- Adding mug00010 to image database...
--- ...read 11 images from /tmp/mug
--- Building dictionary...
--- ...220 entries
--- ...done
--- Writing dictionary to /tmp/buildPatchDictionary.mug.xml
