--- Running classifier on 1 images/sequences...
--- Running classifier on 2-channel image
