  CALLS        CPU TIME   WALL TIME   FUNCTION
      1     0:00:00.000     0:00:00   svlGeneralCRFModel::learn
svlFactor class computed 0 products
svlFactor class computed 0 divisions
svlFactor class computed 204 additions
svlFactor class computed 0 subtractions
svlFactor class computed 0 marginals
svlFactor class computed 0 maximizations
svlFactor class computed 204 reductions
svlFactor class computed 204 normalizations
svlFactor class computed 0 normalization errors
