---- BASIC FACTOR OPERATIONS TEST ----
---- CLUSTER GRAPH TEST ----
  CALLS        CPU TIME   WALL TIME   FUNCTION
      1     0:00:00.000     0:00:00   inference ASYNCSUMPROD
      1     0:00:00.000     0:00:00   read cluster graph
      1     0:00:00.000     0:00:00   svlMessagePassingInference::buildComputationGraph
svlFactor class computed 1089 products
svlFactor class computed 0 divisions
svlFactor class computed 0 additions
svlFactor class computed 0 subtractions
svlFactor class computed 1073 marginals
svlFactor class computed 0 maximizations
svlFactor class computed 0 reductions
svlFactor class computed 1080 normalizations
svlFactor class computed 0 normalization errors
