<Factor>
  <Vars>
    1 0
  </Vars>
  <Cards>
    2 3
  </Cards>
  <Data>
    0.5
    0.8
    0.1
    0
    0.3
    0.9
  </Data>
</Factor>
<Factor>
  <Vars>
    2 1
  </Vars>
  <Cards>
    2 2
  </Cards>
  <Data>
    0.5
    0.7
    0.1
    0.2
  </Data>
</Factor>
<Factor>
  <Vars>
    1 0 2
  </Vars>
  <Cards>
    2 3 2
  </Cards>
  <Data>
    0.25
    0.08
    0.05
    0
    0.15
    0.09
    0.35
    0.16
    0.07
    0
    0.21
    0.18
  </Data>
</Factor>
<Factor>
  <Vars>
    0 2
  </Vars>
  <Cards>
    3 2
  </Cards>
  <Data>
    0.33
    0.05
    0.24
    0.51
    0.07
    0.39
  </Data>
</Factor>
<ClusterGraph vars="4" nodes="8" edges="8" version="1">
  <VarCards>
    2 2 2 2
  </VarCards>
  <Clique index="0" size="1">
    0
  </Clique>
  <Clique index="1" size="1">
    1
  </Clique>
  <Clique index="2" size="1">
    2
  </Clique>
  <Clique index="3" size="1">
    3
  </Clique>
  <Clique index="4" size="2">
    0 1
  </Clique>
  <Clique index="5" size="2">
    1 2
  </Clique>
  <Clique index="6" size="2">
    2 3
  </Clique>
  <Clique index="7" size="2">
    0 3
  </Clique>

  <Edges>
    4 0
    4 1
    5 1
    5 2
    6 2
    6 3
    7 0
    7 3
  </Edges>

  <Potentials>
    <Factor>
      <Vars>
        0
      </Vars>
      <Cards>
        2
      </Cards>
      <Data>
        1
        0.5
      </Data>
    </Factor>
    <Factor>
      <Vars>
        1
      </Vars>
      <Cards>
        2
      </Cards>
      <Data>
        1
        0.5
      </Data>
    </Factor>
    <Factor>
      <Vars>
        2
      </Vars>
      <Cards>
        2
      </Cards>
      <Data>
        1
        0.5
      </Data>
    </Factor>
    <Factor>
      <Vars>
        3
      </Vars>
      <Cards>
        2
      </Cards>
      <Data>
        1
        0.5
      </Data>
    </Factor>
    <Factor>
      <Vars>
        0 1
      </Vars>
      <Cards>
        2 2
      </Cards>
      <Data>
        0.9
        0.1
        0.1
        0.9
      </Data>
    </Factor>
    <Factor>
      <Vars>
        1 2
      </Vars>
      <Cards>
        2 2
      </Cards>
      <Data>
        0.9
        0.1
        0.1
        0.9
      </Data>
    </Factor>
    <Factor>
      <Vars>
        2 3
      </Vars>
      <Cards>
        2 2
      </Cards>
      <Data>
        0.9
        0.1
        0.1
        0.9
      </Data>
    </Factor>
    <Factor>
      <Vars>
        3 0
      </Vars>
      <Cards>
        2 2
      </Cards>
      <Data>
        0.2
        0.8
        0.8
        0.2
      </Data>
    </Factor>
  </Potentials>
</ClusterGraph>

--- Starting message passing loop...
--- ...4 variables; 8 cliques; 8 edges
--- ...iteration 1 (0 of 16 messages converged)
--- ...iteration 2 (9 of 16 messages converged)
--- ...iteration 3 (5 of 16 messages converged)
--- ...iteration 4 (9 of 16 messages converged)
--- ...iteration 5 (5 of 16 messages converged)
--- ...iteration 6 (9 of 16 messages converged)
--- ...iteration 7 (3 of 16 messages converged)
--- ...iteration 8 (9 of 16 messages converged)
--- ...iteration 9 (5 of 16 messages converged)
--- ...iteration 10 (9 of 16 messages converged)
--- ...iteration 11 (5 of 16 messages converged)
--- ...iteration 12 (9 of 16 messages converged)
--- ...iteration 13 (3 of 16 messages converged)
--- ...iteration 14 (9 of 16 messages converged)
--- ...iteration 15 (5 of 16 messages converged)
--- ...iteration 16 (9 of 16 messages converged)
--- ...iteration 17 (5 of 16 messages converged)
--- ...iteration 18 (9 of 16 messages converged)
--- ...iteration 19 (3 of 16 messages converged)
--- ...iteration 20 (9 of 16 messages converged)
--- ...iteration 21 (5 of 16 messages converged)
--- ...iteration 22 (9 of 16 messages converged)
--- ...iteration 23 (5 of 16 messages converged)
--- ...iteration 24 (10 of 16 messages converged)
--- ...iteration 25 (9 of 16 messages converged)
--- ...iteration 26 (10 of 16 messages converged)
--- ...iteration 27 (12 of 16 messages converged)
--- ...iteration 28 (10 of 16 messages converged)
--- ...iteration 29 (12 of 16 messages converged)
--- ...iteration 30 (10 of 16 messages converged)
--- ...iteration 31 (10 of 16 messages converged)
--- ...iteration 32 (10 of 16 messages converged)
--- ...iteration 33 (12 of 16 messages converged)
--- ...iteration 34 (10 of 16 messages converged)
--- ...iteration 35 (12 of 16 messages converged)
--- ...iteration 36 (10 of 16 messages converged)
--- ...iteration 37 (10 of 16 messages converged)
--- ...iteration 38 (10 of 16 messages converged)
--- ...iteration 39 (12 of 16 messages converged)
--- ...iteration 40 (10 of 16 messages converged)
--- ...iteration 41 (12 of 16 messages converged)
--- ...iteration 42 (10 of 16 messages converged)
--- ...iteration 43 (10 of 16 messages converged)
--- ...iteration 44 (10 of 16 messages converged)
--- ...iteration 45 (12 of 16 messages converged)
--- ...iteration 46 (10 of 16 messages converged)
--- ...iteration 47 (12 of 16 messages converged)
--- ...iteration 48 (10 of 16 messages converged)
--- ...iteration 49 (10 of 16 messages converged)
--- ...iteration 50 (10 of 16 messages converged)
--- ...iteration 51 (12 of 16 messages converged)
--- ...iteration 52 (10 of 16 messages converged)
--- ...iteration 53 (12 of 16 messages converged)
--- ...iteration 54 (10 of 16 messages converged)
--- ...iteration 55 (10 of 16 messages converged)
--- ...iteration 56 (10 of 16 messages converged)
--- ...iteration 57 (12 of 16 messages converged)
--- ...iteration 58 (10 of 16 messages converged)
--- ...iteration 59 (12 of 16 messages converged)
--- ...iteration 60 (10 of 16 messages converged)
--- ...iteration 61 (10 of 16 messages converged)
--- ...iteration 62 (10 of 16 messages converged)
--- ...iteration 63 (12 of 16 messages converged)
--- ...iteration 64 (10 of 16 messages converged)
--- ...iteration 65 (12 of 16 messages converged)
--- ...iteration 66 (14 of 16 messages converged)
--- ...iteration 67 (16 of 16 messages converged)
--- ...converged in 67 iterations
<Factor>
  <Vars>
    0
  </Vars>
  <Cards>
    2
  </Cards>
  <Data>
    0.677786
    0.322214
  </Data>
</Factor>
<Factor>
  <Vars>
    1
  </Vars>
  <Cards>
    2
  </Cards>
  <Data>
    0.738642
    0.261358
  </Data>
</Factor>
<Factor>
  <Vars>
    2
  </Vars>
  <Cards>
    2
  </Cards>
  <Data>
    0.738642
    0.261358
  </Data>
</Factor>
<Factor>
  <Vars>
    3
  </Vars>
  <Cards>
    2
  </Cards>
  <Data>
    0.677786
    0.322214
  </Data>
</Factor>
<Factor>
  <Vars>
    0 1
  </Vars>
  <Cards>
    2 2
  </Cards>
  <Data>
    0.654802
    0.0838401
    0.0229843
    0.238374
  </Data>
</Factor>
<Factor>
  <Vars>
    1 2
  </Vars>
  <Cards>
    2 2
  </Cards>
  <Data>
    0.695372
    0.0432696
    0.0432696
    0.218089
  </Data>
</Factor>
<Factor>
  <Vars>
    2 3
  </Vars>
  <Cards>
    2 2
  </Cards>
  <Data>
    0.654802
    0.0229843
    0.0838401
    0.238374
  </Data>
</Factor>
<Factor>
  <Vars>
    3 0
  </Vars>
  <Cards>
    2 2
  </Cards>
  <Data>
    0.371373
    0.306413
    0.306413
    0.015801
  </Data>
</Factor>
