---- BASIC FACTOR OPERATIONS TEST ----
---- CRF MODEL TEST ----
  CALLS        CPU TIME   WALL TIME   FUNCTION
      2     0:00:00.000     0:00:00   svlGeneralCRFModel::buildGraph
      2     0:00:00.000     0:00:00   svlGeneralCRFModel::updatePotentials
      1     0:00:00.000     0:00:00   svlMessagePassingInference::buildComputationGraph
svlFactor class computed 1177 products
svlFactor class computed 1152 divisions
svlFactor class computed 0 additions
svlFactor class computed 0 subtractions
svlFactor class computed 1153 marginals
svlFactor class computed 0 maximizations
svlFactor class computed 0 reductions
svlFactor class computed 1164 normalizations
svlFactor class computed 0 normalization errors
