--- Adding image001 to image database...
--- Adding image002 to image database...
--- ...read 2 images from input
--- Building dictionary...
--- ...40 entries
--- ...done
--- Writing dictionary to /tmp/dictionary.txt
