---- SUDOKU CRF TEST ----
(not the best way to solve sudoku puzzles)
  CALLS        CPU TIME   WALL TIME   FUNCTION
      1     0:00:05.780     0:00:06   sudoku.inference
      1     0:00:00.160     0:00:00   svlGeneralCRFModel::buildGraph
      1     0:00:00.170     0:00:00   svlGeneralCRFModel::updatePotentials
      1     0:00:00.670     0:00:00   svlMessagePassingInference::buildComputationGraph
svlFactor class computed 221800 products
svlFactor class computed 212928 divisions
svlFactor class computed 0 additions
svlFactor class computed 0 subtractions
svlFactor class computed 212928 marginals
svlFactor class computed 0 maximizations
svlFactor class computed 0 reductions
svlFactor class computed 215258 normalizations
svlFactor class computed 0 normalization errors
