 0 0 0 0 0
 1 0 0 0 0
 0 1 0 0 0
 1 1 0 0 0
 0 0 1 0 0
 1 0 1 0 0
 0 1 1 0 0
 1 1 1 0 0
 0 0 0 1 0
 1 0 0 1 0
 0 1 0 1 0
 1 1 0 1 0
 0 0 1 1 0
 1 0 1 1 0
 0 1 1 1 0
 1 1 1 1 0
 0 0 0 0 1
 1 0 0 0 1
 0 1 0 0 1
 1 1 0 0 1
 0 0 1 0 1
 1 0 1 0 1
 0 1 1 0 1
 1 1 1 0 1
 0 0 0 1 1
 1 0 0 1 1
 0 1 0 1 1
 1 1 0 1 1
 0 0 1 1 1
 1 0 1 1 1
 0 1 1 1 1
 1 1 1 1 1
 0 0 0 0 0
 1 0 0 0 0
 0 1 0 0 0
 1 1 0 0 0
 0 0 1 0 0
 1 0 1 0 0
 0 1 1 0 0
 1 1 1 0 0
 0 0 0 1 0
 1 0 0 1 0
 0 1 0 1 0
 1 1 0 1 0
 0 0 1 1 0
 1 0 1 1 0
 0 1 1 1 0
 1 1 1 1 0
 0 0 0 0 1
 1 0 0 0 1
 0 1 0 0 1
 1 1 0 0 1
 0 0 1 0 1
 1 0 1 0 1
 0 1 1 0 1
 1 1 1 0 1
 0 0 0 1 1
 1 0 0 1 1
 0 1 0 1 1
 1 1 0 1 1
 0 0 1 1 1
 1 0 1 1 1
 0 1 1 1 1
 1 1 1 1 1
 0 0 0 0 0
 1 0 0 0 0
 0 1 0 0 0
 1 1 0 0 0
 0 0 1 0 0
 1 0 1 0 0
 0 1 1 0 0
 1 1 1 0 0
 0 0 0 1 0
 1 0 0 1 0
 0 1 0 1 0
 1 1 0 1 0
 0 0 1 1 0
 1 0 1 1 0
 0 1 1 1 0
 1 1 1 1 0
 0 0 0 0 1
 1 0 0 0 1
 0 1 0 0 1
 1 1 0 0 1
 0 0 1 0 1
 1 0 1 0 1
 0 1 1 0 1
 1 1 1 0 1
 0 0 0 1 1
 1 0 0 1 1
 0 1 0 1 1
 1 1 0 1 1
 0 0 1 1 1
 1 0 1 1 1
 0 1 1 1 1
 1 1 1 1 1
 0 0 0 0 0
 1 0 0 0 0
 0 1 0 0 0
 1 1 0 0 0
FULLPATH:  /tmp/lasik.test/lasik.file0042.txt
DIRECTORY: /tmp/lasik.test
FILENAME:  lasik.file0042.txt
BASENAME:  lasik.file0042
EXTENSION: txt
INDEX:     42

