--- Reading points from input/plane001.txt...
--- ...200 points read
--- Estimating planar fit...
--- ...done
--- Plane normal is -0.868897 -0.494269 -0.0267423
--- Plane offset is 0.623055 0.612029 0.704389
