--- Reading positive samples...
--- ...11 samples read
--- Reading negative samples...
--- ...1000 samples read
--- Training classifier...
--- Training with 11 positive and 1000 negative samples
--- Feature vector size is 220
--- Creating boosting model...
--- ...done
--- Evaluation (TP, FN, TN, FP): 11, 0, 1000, 0
--- Writing model to file /tmp/trainObjectDetector.mug.model
